../Core/Src/main.c:110:6:CAN_Analyzer_Init	8	static
../Core/Src/main.c:139:6:CAN_Config_Filter	8	static
../Core/Src/main.c:191:6:CAN_Send_Message	24	static
../Core/Src/main.c:227:6:CAN_Process_Received_Message	16	static
../Core/Src/main.c:255:6:Print_CAN_Message	32	static
../Core/Src/main.c:272:6:Print_CAN_Statistics	8	static
../Core/Src/main.c:288:13:Get_CAN_Error_String	16	static
../Core/Src/main.c:312:5:main	8	static
../Core/Src/main.c:384:6:SystemClock_Config	88	static
../Core/Src/main.c:431:13:MX_FDCAN1_Init	8	static
../Core/Src/main.c:474:13:MX_USART1_UART_Init	8	static
../Core/Src/main.c:522:13:MX_GPIO_Init	48	static
../Core/Src/main.c:566:6:HAL_FDCAN_RxFifo0Callback	16	static
../Core/Src/main.c:585:6:HAL_FDCAN_TxEventFifoCallback	16	static
../Core/Src/main.c:597:6:HAL_FDCAN_ErrorCallback	24	static
../Core/Src/main.c:631:6:Error_Handler	4	static,ignoring_inline_asm
